[
	{
		"queries": "aar alpaca eleph",
		"results": [
			{
				"where": "https://www.cs.usfca.edu/~cs212/simple/mixed_case.htm",
				"count": 4,
				"score": 1.000000
			},
			{
				"where": "https://www.cs.usfca.edu/~cs212/simple/a/b/c/subdir.html",
				"count": 1,
				"score": 1.000000
			},
			{
				"where": "https://www.cs.usfca.edu/~cs212/simple/capital_extension.HTML",
				"count": 1,
				"score": 1.000000
			},
			{
				"where": "https://www.cs.usfca.edu/~cs212/simple/index.html",
				"count": 3,
				"score": 0.428571
			}
		]
	},
	{
		"queries": "ant",
		"results": [
			{
				"where": "https://www.cs.usfca.edu/~cs212/simple/symbols.html",
				"count": 6,
				"score": 1.000000
			},
			{
				"where": "https://www.cs.usfca.edu/~cs212/simple/index.html",
				"count": 1,
				"score": 0.142857
			}
		]
	},
	{
		"queries": "antelop observ",
		"results": [
			{
				"where": "https://www.cs.usfca.edu/~cs212/simple/symbols.html",
				"count": 6,
				"score": 1.000000
			},
			{
				"where": "https://www.cs.usfca.edu/~cs212/simple/index.html",
				"count": 1,
				"score": 0.142857
			}
		]
	},
	{
		"queries": "capybara hidden",
		"results": [
		]
	},
	{
		"queries": "cardin",
		"results": [
		]
	},
	{
		"queries": "eight nine seven",
		"results": [
			{
				"where": "https://www.cs.usfca.edu/~cs212/simple/position.html",
				"count": 6,
				"score": 0.300000
			}
		]
	},
	{
		"queries": "hello world",
		"results": [
			{
				"where": "https://www.cs.usfca.edu/~cs212/simple/hello.html",
				"count": 8,
				"score": 1.000000
			},
			{
				"where": "https://www.cs.usfca.edu/~cs212/simple/index.html",
				"count": 1,
				"score": 0.142857
			}
		]
	}
]