{
	"gone": {
		"https://www.cs.usfca.edu/~cs212/redirect/": [
			2
		]
	},
	"hello": {
		"https://www.cs.usfca.edu/~cs212/redirect/one": [
			1,
			3,
			5,
			7
		]
	},
	"loop": {
		"https://www.cs.usfca.edu/~cs212/redirect/": [
			3
		]
	},
	"nowher": {
		"https://www.cs.usfca.edu/~cs212/redirect/": [
			1
		]
	},
	"redirect": {
		"https://www.cs.usfca.edu/~cs212/redirect/": [
			4
		]
	},
	"world": {
		"https://www.cs.usfca.edu/~cs212/redirect/one": [
			2,
			4,
			6,
			8
		]
	}
}