{
	"https://www.cs.usfca.edu/~cs212/gutenberg/": 27,
	"https://www.cs.usfca.edu/~cs212/gutenberg/31516-h/31516-h.htm": 4136,
	"https://www.cs.usfca.edu/~cs212/gutenberg/32032-h/32032-h.htm": 18237,
	"https://www.cs.usfca.edu/~cs212/gutenberg/32154-h/32154-h.htm": 28017,
	"https://www.cs.usfca.edu/~cs212/gutenberg/32522-h/32522-h.htm": 13560
}