{
	"https://www.cs.usfca.edu/~cs212/wdgcss/all-properties.html": 5713,
	"https://www.cs.usfca.edu/~cs212/wdgcss/box/border-bottom-width.html": 94,
	"https://www.cs.usfca.edu/~cs212/wdgcss/box/border-bottom.html": 72,
	"https://www.cs.usfca.edu/~cs212/wdgcss/box/border-color.html": 107,
	"https://www.cs.usfca.edu/~cs212/wdgcss/box/border-left-width.html": 94,
	"https://www.cs.usfca.edu/~cs212/wdgcss/box/border-left.html": 72,
	"https://www.cs.usfca.edu/~cs212/wdgcss/box/border-right-width.html": 94,
	"https://www.cs.usfca.edu/~cs212/wdgcss/box/border-right.html": 72,
	"https://www.cs.usfca.edu/~cs212/wdgcss/box/border-style.html": 120,
	"https://www.cs.usfca.edu/~cs212/wdgcss/box/border-top-width.html": 94,
	"https://www.cs.usfca.edu/~cs212/wdgcss/box/border-top.html": 72,
	"https://www.cs.usfca.edu/~cs212/wdgcss/box/border-width.html": 135,
	"https://www.cs.usfca.edu/~cs212/wdgcss/box/border.html": 125,
	"https://www.cs.usfca.edu/~cs212/wdgcss/box/clear.html": 113,
	"https://www.cs.usfca.edu/~cs212/wdgcss/box/float.html": 76,
	"https://www.cs.usfca.edu/~cs212/wdgcss/box/height.html": 189,
	"https://www.cs.usfca.edu/~cs212/wdgcss/box/index.html": 2291,
	"https://www.cs.usfca.edu/~cs212/wdgcss/box/margin-bottom.html": 83,
	"https://www.cs.usfca.edu/~cs212/wdgcss/box/margin-left.html": 75,
	"https://www.cs.usfca.edu/~cs212/wdgcss/box/margin-right.html": 75,
	"https://www.cs.usfca.edu/~cs212/wdgcss/box/margin-top.html": 94,
	"https://www.cs.usfca.edu/~cs212/wdgcss/box/margin.html": 199,
	"https://www.cs.usfca.edu/~cs212/wdgcss/box/padding-bottom.html": 75,
	"https://www.cs.usfca.edu/~cs212/wdgcss/box/padding-left.html": 75,
	"https://www.cs.usfca.edu/~cs212/wdgcss/box/padding-right.html": 75,
	"https://www.cs.usfca.edu/~cs212/wdgcss/box/padding-top.html": 75,
	"https://www.cs.usfca.edu/~cs212/wdgcss/box/padding.html": 167,
	"https://www.cs.usfca.edu/~cs212/wdgcss/box/width.html": 143,
	"https://www.cs.usfca.edu/~cs212/wdgcss/classification/display.html": 144,
	"https://www.cs.usfca.edu/~cs212/wdgcss/classification/index.html": 504,
	"https://www.cs.usfca.edu/~cs212/wdgcss/classification/list-style-image.html": 74,
	"https://www.cs.usfca.edu/~cs212/wdgcss/classification/list-style-position.html": 106,
	"https://www.cs.usfca.edu/~cs212/wdgcss/classification/list-style-type.html": 101,
	"https://www.cs.usfca.edu/~cs212/wdgcss/classification/white-space.html": 76,
	"https://www.cs.usfca.edu/~cs212/wdgcss/color-background/background-attachment.html": 89,
	"https://www.cs.usfca.edu/~cs212/wdgcss/color-background/background-color.html": 91,
	"https://www.cs.usfca.edu/~cs212/wdgcss/color-background/background-image.html": 89,
	"https://www.cs.usfca.edu/~cs212/wdgcss/color-background/background-position.html": 346,
	"https://www.cs.usfca.edu/~cs212/wdgcss/color-background/background-repeat.html": 101,
	"https://www.cs.usfca.edu/~cs212/wdgcss/color-background/background.html": 116,
	"https://www.cs.usfca.edu/~cs212/wdgcss/color-background/color.html": 82,
	"https://www.cs.usfca.edu/~cs212/wdgcss/color-background/index.html": 828,
	"https://www.cs.usfca.edu/~cs212/wdgcss/font/font-family.html": 217,
	"https://www.cs.usfca.edu/~cs212/wdgcss/font/font-size.html": 260,
	"https://www.cs.usfca.edu/~cs212/wdgcss/font/font-style.html": 72,
	"https://www.cs.usfca.edu/~cs212/wdgcss/font/font-variant.html": 98,
	"https://www.cs.usfca.edu/~cs212/wdgcss/font/font-weight.html": 155,
	"https://www.cs.usfca.edu/~cs212/wdgcss/font/font.html": 90,
	"https://www.cs.usfca.edu/~cs212/wdgcss/font/index.html": 820,
	"https://www.cs.usfca.edu/~cs212/wdgcss/properties.html": 155,
	"https://www.cs.usfca.edu/~cs212/wdgcss/syntax.html": 127,
	"https://www.cs.usfca.edu/~cs212/wdgcss/text/index.html": 787,
	"https://www.cs.usfca.edu/~cs212/wdgcss/text/letter-spacing.html": 71,
	"https://www.cs.usfca.edu/~cs212/wdgcss/text/line-height.html": 153,
	"https://www.cs.usfca.edu/~cs212/wdgcss/text/text-align.html": 83,
	"https://www.cs.usfca.edu/~cs212/wdgcss/text/text-decoration.html": 75,
	"https://www.cs.usfca.edu/~cs212/wdgcss/text/text-indent.html": 91,
	"https://www.cs.usfca.edu/~cs212/wdgcss/text/text-transform.html": 114,
	"https://www.cs.usfca.edu/~cs212/wdgcss/text/vertical-align.html": 235,
	"https://www.cs.usfca.edu/~cs212/wdgcss/text/word-spacing.html": 66
}