{
	"https://www.cs.usfca.edu/~cs212/redirect/": 4,
	"https://www.cs.usfca.edu/~cs212/redirect/one": 8
}