{
	"https://www.cs.usfca.edu/~cs212/numpy/contents.html": 5842,
	"https://www.cs.usfca.edu/~cs212/numpy/genindex.html": 9102,
	"https://www.cs.usfca.edu/~cs212/numpy/index.html": 183,
	"https://www.cs.usfca.edu/~cs212/numpy/reference/index.html": 339,
	"https://www.cs.usfca.edu/~cs212/numpy/user/basics.html": 44,
	"https://www.cs.usfca.edu/~cs212/numpy/user/index.html": 88,
	"https://www.cs.usfca.edu/~cs212/numpy/user/misc.html": 780,
	"https://www.cs.usfca.edu/~cs212/numpy/user/numpy-for-matlab-users.html": 3050,
	"https://www.cs.usfca.edu/~cs212/numpy/user/quickstart.html": 3960,
	"https://www.cs.usfca.edu/~cs212/numpy/user/setting-up.html": 37
}