[
	{
		"queries": "observ",
		"results": [
			{
				"where": "text/simple/words.tExT",
				"count": 11,
				"score": 0.458333
			}
		]
	},
	{
		"queries": "perform",
		"results": [
			{
				"where": "text/simple/words.tExT",
				"count": 8,
				"score": 0.333333
			}
		]
	}
]
